// Jest Snapshot v1, https://goo.gl/fbAQLP

exports[`Button initialize snapshot 1`] = `
<button
  className="sc-bdVaJa bemxfW"
>
  テスト
</button>
`;
