// Jest Snapshot v1, https://goo.gl/fbAQLP

exports[`InputText initialize snapshot 1`] = `
<input
  className="sc-bdVaJa lbiXnV"
/>
`;
