// Jest Snapshot v1, https://goo.gl/fbAQLP

exports[`Textarea initialize snapshot 1`] = `
<textarea
  className="sc-bdVaJa qLBWp"
/>
`;
