// Jest Snapshot v1, https://goo.gl/fbAQLP

exports[`Texts initialize snapshot 1`] = `
<div
  className="sc-bdVaJa ewEUte"
/>
`;
